
> soundwave-frontend@1.0.0 build
> prisma generate && next build

Environment variables loaded from .env
Prisma schema loaded from prisma\schema.prisma

Γ£ö Generated Prisma Client (v5.22.0) to .\node_modules\@prisma\client in 147ms

Start by importing your Prisma Client (See: https://pris.ly/d/importing-client)

Help us improve the Prisma ORM for everyone. Share your feedback in a short 2-min survey: https://pris.ly/orm/survey/release-5-22

  Γû▓ Next.js 14.2.0
  - Environments: .env.local, .env

   Creating an optimized production build ...
 Γ£ô Compiled successfully
   Linting and checking validity of types ...
   Collecting page data ...
   Generating static pages (0/8) ...
node.exe : (node:6900) Warning: `--localstorage-file` was provided without a valid path
At line:1 char:1
+ & "C:\Program Files\nodejs/node.exe" "C:\Program Files\nodejs/node_mo ...
+ ~~~~~~~~~~~~~~~~~~~~~~~~~~~~~~~~~~~~~~~~~~~~~~~~~~~~~~~~~~~~~~~~~~~~~
    + CategoryInfo          : NotSpecified: ((node:6900) War...ut a valid path:String) [], Rem 
   oteException
    + FullyQualifiedErrorId : NativeCommandError
 
(Use `node --trace-warnings ...` to show where the warning was created)
(node:20240) Warning: `--localstorage-file` was provided without a valid path
(Use `node --trace-warnings ...` to show where the warning was created)
 Γ¿» useSearchParams() should be wrapped in a suspense boundary at page "/search". Read more: 
https://nextjs.org/docs/messages/missing-suspense-with-csr-bailout
    at r (C:\Users\hseru\MyClaude\soundwave\frontend\.next\server\chunks\950.js:186:13826)
    at u (C:\Users\hseru\MyClaude\soundwave\frontend\.next\server\chunks\950.js:186:24760)
    at j (C:\Users\hseru\MyClaude\soundwave\frontend\.next\server\app\search\page.js:11:407)
    at nj (C:\Users\hseru\MyClaude\soundwave\frontend\node_modules\next\dist\compiled\next-serv
er\app-page.runtime.prod.js:12:46251)
    at nM (C:\Users\hseru\MyClaude\soundwave\frontend\node_modules\next\dist\compiled\next-serv
er\app-page.runtime.prod.js:12:47571)
    at nN (C:\Users\hseru\MyClaude\soundwave\frontend\node_modules\next\dist\compiled\next-serv
er\app-page.runtime.prod.js:12:64546)
    at nI (C:\Users\hseru\MyClaude\soundwave\frontend\node_modules\next\dist\compiled\next-serv
er\app-page.runtime.prod.js:12:47010)
    at nM (C:\Users\hseru\MyClaude\soundwave\frontend\node_modules\next\dist\compiled\next-serv
er\app-page.runtime.prod.js:12:47717)
    at nM (C:\Users\hseru\MyClaude\soundwave\frontend\node_modules\next\dist\compiled\next-serv
er\app-page.runtime.prod.js:12:61546)
    at nN (C:\Users\hseru\MyClaude\soundwave\frontend\node_modules\next\dist\compiled\next-serv
er\app-page.runtime.prod.js:12:64546)

Error occurred prerendering page "/search". Read more: 
https://nextjs.org/docs/messages/prerender-error

(node:16768) Warning: `--localstorage-file` was provided without a valid path
(Use `node --trace-warnings ...` to show where the warning was created)
(node:20188) Warning: `--localstorage-file` was provided without a valid path
(Use `node --trace-warnings ...` to show where the warning was created)
   Generating static pages (2/8) 
(node:9412) Warning: `--localstorage-file` was provided without a valid path
(Use `node --trace-warnings ...` to show where the warning was created)
   Generating static pages (4/8) 
   Generating static pages (6/8) 
 Γ£ô Generating static pages (8/8)

> Export encountered errors on following paths:
	/search/page: /search
